%!Adobe-FontList 1.24
%Locale:0x409

%BeginFont
Handler:DirectoryHandler
FontType:Type1
FontName:AlegreyaSans-Italic
FamilyName:Alegreya Sans
StyleName:Italic
FullName:Alegreya Sans Italic
MenuName:Alegreya Sans
StyleBits:1
WritingScript:Roman
OutlineFileName:E:\ArtInProgress\BodyTime at Stokvel\bodyTime-exhibition-stokvel\invitation\Document fonts\AlegreyaSans-Italic.otf
DataFormat:sfntData
UsesStandardEncoding:yes
isCFF:yes
hasSVG:no
hasCOLR:no
VariableFontType:NonVariableFont
FileLength:103872
FileModTime:1662874878
WeightClass:400
WidthClass:5
AngleClass:1
NameArray:0,Mac,4,Alegreya Sans Italic
NameArray:0,Win,1,Alegreya Sans
%EndFont

%BeginFont
Handler:DirectoryHandler
FontType:TrueType
FontName:IBMPlexMono-Bold
FamilyName:IBM Plex Mono
StyleName:Bold
FullName:IBM Plex Mono Bold
MenuName:IBM Plex Mono
StyleBits:2
WritingScript:Roman
OutlineFileName:E:\ArtInProgress\BodyTime at Stokvel\bodyTime-exhibition-stokvel\invitation\Document fonts\IBMPlexMono-Bold.ttf
DataFormat:sfntData
hasSVG:no
hasCOLR:no
VariableFontType:NonVariableFont
FileLength:135932
FileModTime:1725491480
WeightClass:700
WidthClass:5
AngleClass:0
NameArray:0,Win,1,IBM Plex Mono
%EndFont

%BeginFont
Handler:DirectoryHandler
FontType:TrueType
FontName:IBMPlexMono-Medium
FamilyName:IBM Plex Mono
StyleName:Medium
FullName:IBM Plex Mono Medium
MenuName:IBM Plex Mono Medium
StyleBits:0
WritingScript:Roman
OutlineFileName:E:\ArtInProgress\BodyTime at Stokvel\bodyTime-exhibition-stokvel\invitation\Document fonts\IBMPlexMono-Medium.ttf
DataFormat:sfntData
hasSVG:no
hasCOLR:no
VariableFontType:NonVariableFont
FileLength:134880
FileModTime:1725491480
WeightClass:500
WidthClass:5
AngleClass:0
NameArray:0,Win,1,IBM Plex Mono Medium
NameArray:0,Win,16,IBM Plex Mono
%EndFont

%BeginFont
Handler:DirectoryHandler
FontType:TrueType
FontName:IBMPlexMono-Regular
FamilyName:IBM Plex Mono
StyleName:Regular
FullName:IBM Plex Mono Regular
MenuName:IBM Plex Mono
StyleBits:0
WritingScript:Roman
OutlineFileName:E:\ArtInProgress\BodyTime at Stokvel\bodyTime-exhibition-stokvel\invitation\Document fonts\IBMPlexMono-Regular.ttf
DataFormat:sfntData
hasSVG:no
hasCOLR:no
VariableFontType:NonVariableFont
FileLength:133720
FileModTime:1725491480
WeightClass:400
WidthClass:5
AngleClass:0
NameArray:0,Win,1,IBM Plex Mono
%EndFont

%BeginFont
Handler:DirectoryHandler
FontType:Type1
FontName:MinionPro-Regular
FamilyName:Minion Pro
StyleName:Regular
FullName:Minion Pro
MenuName:Minion Pro
StyleBits:0
WritingScript:Roman
OutlineFileName:E:\ArtInProgress\BodyTime at Stokvel\bodyTime-exhibition-stokvel\invitation\Document fonts\MinionPro-Regular.otf
DataFormat:sfntData
UsesStandardEncoding:yes
isCFF:yes
hasSVG:no
hasCOLR:no
VariableFontType:NonVariableFont
FileLength:231312
FileModTime:1265288442
WeightClass:400
WidthClass:5
AngleClass:0
DesignSize:110
NameArray:0,Mac,4,Minion Pro
NameArray:0,Win,1,Minion Pro
%EndFont

